[13:47:47] USER:8826140715 | ACTION: COMMAND: /start
[13:49:11] USER:8826140715 | ACTION: COMMAND: /commands
[13:49:18] USER:8826140715 | ACTION: COMMAND: /commands
[13:50:52] USER:8826140715 | ACTION: COMMAND: /start
[13:50:55] USER:8826140715 | ACTION: COMMAND: /commands
[13:53:58] USER:8826140715 | ACTION: COMMAND: /start
[13:54:01] USER:8826140715 | ACTION: COMMAND: /commands
[13:54:16] USER:8826140715 | ACTION: COMMAND: /status
[13:57:01] USER:8826140715 | ACTION: COMMAND: /commands
[13:57:31] USER:8826140715 | ACTION: SHARED_PHOTO_UPLOAD: photo_AQADsxVrGygUEFR-.png
[13:57:59] USER:8826140715 | ACTION: SIMULATION_INPUT: sim_AQADtBVrGygUEFR9.png
[13:58:00] USER:8826140715 | ACTION: SIMULATION_FAILURE: Exit code 1
[13:59:38] USER:8826140715 | ACTION: SIMULATION_INPUT: sim_AQADtBVrGygUEFR9.png
[13:59:39] USER:8826140715 | ACTION: SIMULATION_SUCCESS: sim_AQADtBVrGygUEFR9.png
[14:03:10] USER:8826140715 | ACTION: SIMULATION_INPUT: 20260816_140309.png
[14:03:11] USER:8826140715 | ACTION: SIMULATION_SUCCESS: 20260816_140309.png
[14:04:35] USER:8826140715 | ACTION: SIMULATION_INPUT: 20260816_140434.png
[14:04:35] USER:8826140715 | ACTION: SIMULATION_FAILURE: Exit code 3
[14:05:46] USER:8826140715 | ACTION: SHARED_UPLOAD: Sample_2.png
[14:07:52] USER:8826140715 | ACTION: SIMULATION_INPUT: 20260816_140751.png
[14:07:52] USER:8826140715 | ACTION: SIMULATION_FAILURE: Exit code 3
[14:10:39] USER:8826140715 | ACTION: SIMULATION_INPUT: 20260816_141038.png
[14:10:39] USER:8826140715 | ACTION: SIMULATION_SUCCESS: 20260816_141038.png
[14:10:59] USER:8826140715 | ACTION: SIMULATION_INPUT: 20260816_141059.png
[14:11:00] USER:8826140715 | ACTION: SIMULATION_SUCCESS: 20260816_141059.png
[14:30:17] USER:8826140715 | ACTION: COMMAND: /commands
[14:30:37] USER:8826140715 | ACTION: COMMAND: /status
[14:38:55] USER:8826140715 | ACTION: COMMAND: /start
[14:38:59] USER:8826140715 | ACTION: COMMAND: /commands
[14:39:42] USER:8826140715 | ACTION: SHARED_PHOTO_UPLOAD: shared_20260816_143941.png
[14:40:13] USER:8826140715 | ACTION: COMMAND: /start
[14:43:17] USER:8826140715 | ACTION: SIMULATION_INPUT: 20260816_144316.png
[14:43:17] USER:8826140715 | ACTION: SIMULATION_FAILURE: Exit code 1
[14:43:51] USER:8826140715 | ACTION: SIMULATION_INPUT: 20260816_144351.png
[14:43:52] USER:8826140715 | ACTION: SIMULATION_SUCCESS: 20260816_144351.png
[15:42:39] USER:8826140715 | ACTION: COMMAND: /status
[16:06:18] USER:8826140715 | ACTION: COMMAND: /status
[16:14:32] USER:8826140715 | ACTION: COMMAND: /commands
[17:39:59] USER:8826140715 | ACTION: COMMAND: /status
[17:40:33] USER:8826140715 | ACTION: SIMULATION_INPUT: 20260816_174032.png
[17:40:34] USER:8826140715 | ACTION: SIMULATION_FAILURE: Exit code 1
[17:40:55] USER:8826140715 | ACTION: SIMULATION_INPUT: 20260816_174055.png
[17:40:56] USER:8826140715 | ACTION: SIMULATION_FAILURE: Exit code 1
[17:41:19] USER:8826140715 | ACTION: SIMULATION_INPUT: 20260816_174119.png
[17:41:20] USER:8826140715 | ACTION: SIMULATION_SUCCESS: 20260816_174119.png
[18:02:04] USER:8826140715 | ACTION: SHARED_UPLOAD: sample nazi.png
[18:03:09] USER:8826140715 | ACTION: SIMULATION_INPUT: 20260816_180309.png
[18:03:10] USER:8826140715 | ACTION: SIMULATION_FAILURE: Exit code 1
[18:03:47] USER:8826140715 | ACTION: SIMULATION_INPUT: 20260816_180346.png
[18:03:47] USER:8826140715 | ACTION: SIMULATION_SUCCESS: 20260816_180346.png
[18:04:10] USER:8826140715 | ACTION: SIMULATION_INPUT: 20260816_180409.png
[18:04:11] USER:8826140715 | ACTION: SIMULATION_SUCCESS: 20260816_180409.png
[18:06:40] USER:8826140715 | ACTION: SIMULATION_INPUT: 20260816_180639.png
[18:06:40] USER:8826140715 | ACTION: SIMULATION_SUCCESS: 20260816_180639.png
[18:17:03] USER:8826140715 | ACTION: COMMAND: /status
[18:17:25] USER:8826140715 | ACTION: SIMULATION_INPUT: 20260816_181724.png
[18:17:25] USER:8826140715 | ACTION: SIMULATION_SUCCESS: 20260816_181724.png
[18:34:00] USER:8826140715 | ACTION: COMMAND: /start
[18:34:04] USER:8826140715 | ACTION: COMMAND: /commands
[18:38:00] USER:8826140715 | ACTION: COMMAND: /status
[18:45:21] USER:8826140715 | ACTION: SIMULATION_INPUT: 20260816_184520.png
[18:45:22] USER:8826140715 | ACTION: SIMULATION_SUCCESS: 20260816_184520.png
[18:47:46] USER:8826140715 | ACTION: SIMULATION_INPUT: 20260816_184746.png
[18:47:47] USER:8826140715 | ACTION: SIMULATION_SUCCESS: 20260816_184746.png
