[07:51:02] USER:8826140715 | ACTION: COMMAND: /start
[07:51:08] USER:8826140715 | ACTION: COMMAND: /commands
[08:19:43] USER:8826140715 | ACTION: COMMAND: /status
[08:34:37] USER:8826140715 | ACTION: COMMAND: /start
[08:34:39] USER:8826140715 | ACTION: COMMAND: /commands
[08:36:45] USER:8826140715 | ACTION: SIMULATION_INPUT: 20260817_083643.png
[08:36:45] USER:8826140715 | ACTION: CLASSIFY_SUCCESS: 20260817_083643.png
[08:53:27] USER:8826140715 | ACTION: SIMULATION_INPUT: 20260817_085326.png
[08:53:27] USER:8826140715 | ACTION: CLASSIFY_FAILURE: Exit code 1
[08:53:58] USER:8826140715 | ACTION: COMMAND: /start
[08:54:01] USER:8826140715 | ACTION: COMMAND: /commands
[08:54:17] USER:8826140715 | ACTION: COMMAND: /status
[08:54:44] USER:8826140715 | ACTION: SIMULATION_INPUT: 20260817_085443.png
[08:54:45] USER:8826140715 | ACTION: CLASSIFY_FAILURE: Exit code 1
[08:55:09] USER:8826140715 | ACTION: SIMULATION_INPUT: 20260817_085507.png
[08:55:09] USER:8826140715 | ACTION: CLASSIFY_SUCCESS: 20260817_085507.png
[09:06:07] USER:8826140715 | ACTION: SIMULATION_INPUT: 20260817_090606.png
[09:06:07] USER:8826140715 | ACTION: CLASSIFY_SUCCESS: 20260817_090606.png
[09:07:14] USER:8826140715 | ACTION: SIMULATION_INPUT: 20260817_090713.png
[09:07:15] USER:8826140715 | ACTION: CLASSIFY_SUCCESS: 20260817_090713.png
[09:09:33] USER:8826140715 | ACTION: SIMULATION_INPUT: 20260817_090932.png
[09:09:34] USER:8826140715 | ACTION: CLASSIFY_SUCCESS: 20260817_090932.png
[09:52:08] USER:8826140715 | ACTION: SIMULATION_INPUT: 20260817_095206.png
[09:52:08] USER:8826140715 | ACTION: CLASSIFY_FAILURE: Exit code 1
[09:52:10] USER:8826140715 | ACTION: SIMULATION_INPUT: 20260817_095209.png
[09:52:10] USER:8826140715 | ACTION: CLASSIFY_FAILURE: Exit code 1
[09:52:23] USER:8826140715 | ACTION: SHARED_PHOTO_UPLOAD: shared_20260817_095222.png
[09:52:24] USER:8826140715 | ACTION: SIMULATION_INPUT: 20260817_095224.png
[09:52:25] USER:8826140715 | ACTION: CLASSIFY_FAILURE: Exit code 1
[09:57:19] USER:8826140715 | ACTION: SIMULATION_INPUT: 20260817_095719.png
[09:57:20] USER:8826140715 | ACTION: CLASSIFY_SUCCESS: 20260817_095719.png
[09:59:50] USER:8826140715 | ACTION: SIMULATION_INPUT: 20260817_095949.png
[09:59:51] USER:8826140715 | ACTION: CLASSIFY_SUCCESS: 20260817_095949.png
[10:01:05] USER:8826140715 | ACTION: SHARED_PHOTO_UPLOAD: shared_20260817_100104.png
[16:27:11] USER:8826140715 | ACTION: COMMAND: /status
[19:56:04] USER:8826140715 | ACTION: COMMAND: /status
[19:56:05] USER:8826140715 | ACTION: COMMAND: /commands
[19:59:14] USER:8826140715 | ACTION: COMMAND: /start
[20:00:32] USER:8826140715 | ACTION: COMMAND: /status
[20:02:46] USER:8826140715 | ACTION: COMMAND: /status
[20:03:57] USER:8826140715 | ACTION: COMMAND: /status
[20:06:00] USER:8826140715 | ACTION: COMMAND: /status
[20:07:42] USER:8826140715 | ACTION: COMMAND: /status
[20:08:27] USER:8826140715 | ACTION: COMMAND: /status
[20:10:41] USER:8826140715 | ACTION: COMMAND: /status
[20:35:47] USER:8826140715 | ACTION: COMMAND: /start
[20:35:55] USER:8826140715 | ACTION: COMMAND: /commands
[20:36:10] USER:8826140715 | ACTION: COMMAND: /status
[20:38:20] USER:8826140715 | ACTION: SIMULATION_INPUT: 20260817_203819.png
[20:38:20] USER:8826140715 | ACTION: CLASSIFY_SUCCESS: 20260817_203819.png
